pj/types.h			pj_status_t pj_constants_ pj_uint8_t pj_int32_t pj_uint32_t pj_uint16_t
pj/file_io.h			pj_file_access
pj/log.h			pj_log_decoration
pj/sock_qos.h			pj_qos_type pj_qos_flag pj_qos_wmm_prio pj_qos_params
pj/ssl_sock.h			pj_ssl_cipher pj_ssl_sock_proto

pjnath/nat_detect.h          	pj_stun_nat_type
pjnath/turn_session.h          	pj_turn_tp_type

pjmedia/event.h                 pjmedia_event_type
pjmedia/transport_srtp.h	pjmedia_srtp_use
pjmedia/vid_stream.h		pjmedia_vid_stream_rc_method
pjmedia-videodev/videodev.h	pjmedia_vid_dev_index pjmedia_vid_dev_std_index pjmedia_vid_dev_cap
pjmedia-audiodev/audiodev.h 	pjmedia_aud_dev_route pjmedia_aud_dev_cap
pjmedia/wav_port.h              pjmedia_file_writer_option pjmedia_file_player_option
pjmedia/tonegen.h		pjmedia_tone_digit pjmedia_tone_digit_map pjmedia_tone_desc
pjmedia/types.h                 pjmedia_type pjmedia_dir pjmedia_tp_proto pjmedia_orient
pjmedia/format.h		pjmedia_format_id
pjmedia/vid_codec.h		pjmedia_vid_packing

pjsip/sip_auth.h		pjsip_cred_data_type
pjsip/sip_dialog.h              pjsip_dialog_cap_status
pjsip/sip_event.h               pjsip_event_id_e
pjsip/sip_msg.h			pjsip_status_code pjsip_hdr_e
pjsip/sip_transport.h		pjsip_transport_type_e pjsip_transport_flags_e pjsip_transport_state
pjsip/sip_transport_tls.h	pjsip_ssl_method
pjsip/sip_transaction.h         pjsip_tsx_state_e
pjsip/sip_types.h               pjsip_role_e
pjsip/sip_util.h                pjsip_redirect_op

pjsip-simple/rpid.h          	pjrpid_activity
pjsip-simple/evsub.h		pjsip_evsub_state

pjsip-ua/sip_inv.h              pjsip_inv_state

pjsua-lib/pjsua.h		pjsua_invalid_id_const_ pjsua_state pjsua_stun_use pjsua_call_hold_type pjsua_acc_id pjsua_destroy_flag pjsua_100rel_use pjsua_sip_timer_use pjsua_ipv6_use pjsua_buddy_status pjsua_call_media_status pjsua_vid_win_id pjsua_call_id pjsua_med_tp_st pjsua_call_vid_strm_op pjsua_vid_req_keyframe_method pjsua_call_flag pjsua_create_media_transport_flag pjsua_snd_dev_mode
